[    0.000000] Linux version 4.15.0-64-generic (buildd@lgw01-amd64-038) (gcc version 7.4.0 (Ubuntu 7.4.0-1ubuntu1~18.04.1)) #73-Ubuntu SMP Thu Sep 12 13:16:13 UTC 2019 (Ubuntu 4.15.0-64.73-generic 4.15.18)
[    0.000000] Command line: BOOT_IMAGE=/boot/vmlinuz-4.15.0-64-generic root=LABEL=cloudimg-rootfs ro console=tty1 console=ttyS0
[    0.000000] KERNEL supported cpus:
[    0.000000]   Intel GenuineIntel
[    0.000000]   AMD AuthenticAMD
[    0.000000]   Centaur CentaurHauls
[    0.000000] x86/fpu: Supporting XSAVE feature 0x001: 'x87 floating point registers'
[    0.000000] x86/fpu: Supporting XSAVE feature 0x002: 'SSE registers'
[    0.000000] x86/fpu: Supporting XSAVE feature 0x004: 'AVX registers'
[    0.000000] x86/fpu: xstate_offset[2]:  576, xstate_sizes[2]:  256
[    0.000000] x86/fpu: Enabled xstate features 0x7, context size is 832 bytes, using 'standard' format.
[    0.000000] e820: BIOS-provided physical RAM map:
[    0.000000] BIOS-e820: [mem 0x0000000000000000-0x000000000009fbff] usable
[    0.000000] BIOS-e820: [mem 0x000000000009fc00-0x000000000009ffff] reserved
[    0.000000] BIOS-e820: [mem 0x00000000000f0000-0x00000000000fffff] reserved
[    0.000000] BIOS-e820: [mem 0x0000000000100000-0x000000003ffeffff] usable
[    0.000000] BIOS-e820: [mem 0x000000003fff0000-0x000000003fffffff] ACPI data
[    0.000000] BIOS-e820: [mem 0x00000000fec00000-0x00000000fec00fff] reserved
[    0.000000] BIOS-e820: [mem 0x00000000fee00000-0x00000000fee00fff] reserved
[    0.000000] BIOS-e820: [mem 0x00000000fffc0000-0x00000000ffffffff] reserved
[    0.000000] NX (Execute Disable) protection: active
[    0.000000] SMBIOS 2.5 present.
[    0.000000] DMI: innotek GmbH VirtualBox/VirtualBox, BIOS VirtualBox 12/01/2006
[    0.000000] Hypervisor detected: KVM
[    0.000000] e820: last_pfn = 0x3fff0 max_arch_pfn = 0x400000000
[    0.000000] MTRR: Disabled
[    0.000000] x86/PAT: MTRRs disabled, skipping PAT initialization too.
[    0.000000] CPU MTRRs all blank - virtualized system.
[    0.000000] x86/PAT: Configuration [0-7]: WB  WT  UC- UC  WB  WT  UC- UC  
[    0.000000] found SMP MP-table at [mem 0x0009fff0-0x0009ffff]
[    0.000000] Scanning 1 areas for low memory corruption
[    0.000000] RAMDISK: [mem 0x35a89000-0x36d3bfff]
[    0.000000] ACPI: Early table checksum verification disabled
[    0.000000] ACPI: RSDP 0x00000000000E0000 000024 (v02 VBOX  )
[    0.000000] ACPI: XSDT 0x000000003FFF0030 00003C (v01 VBOX   VBOXXSDT 00000001 ASL  00000061)
[    0.000000] ACPI: FACP 0x000000003FFF00F0 0000F4 (v04 VBOX   VBOXFACP 00000001 ASL  00000061)
[    0.000000] ACPI: DSDT 0x000000003FFF0470 0022EA (v02 VBOX   VBOXBIOS 00000002 INTL 20100528)
[    0.000000] ACPI: FACS 0x000000003FFF0200 000040
[    0.000000] ACPI: FACS 0x000000003FFF0200 000040
[    0.000000] ACPI: APIC 0x000000003FFF0240 00005C (v02 VBOX   VBOXAPIC 00000001 ASL  00000061)
[    0.000000] ACPI: SSDT 0x000000003FFF02A0 0001CC (v01 VBOX   VBOXCPUT 00000002 INTL 20100528)
[    0.000000] No NUMA configuration found
[    0.000000] Faking a node at [mem 0x0000000000000000-0x000000003ffeffff]
[    0.000000] NODE_DATA(0) allocated [mem 0x3ffc5000-0x3ffeffff]
[    0.000000] kvm-clock: cpu 0, msr 0:3ff44001, primary cpu clock
[    0.000000] kvm-clock: Using msrs 4b564d01 and 4b564d00
[    0.000000] kvm-clock: using sched offset of 3613472751 cycles
[    0.000000] clocksource: kvm-clock: mask: 0xffffffffffffffff max_cycles: 0x1cd42e4dffb, max_idle_ns: 881590591483 ns
[    0.000000] Zone ranges:
[    0.000000]   DMA      [mem 0x0000000000001000-0x0000000000ffffff]
[    0.000000]   DMA32    [mem 0x0000000001000000-0x000000003ffeffff]
[    0.000000]   Normal   empty
[    0.000000]   Device   empty
[    0.000000] Movable zone start for each node
[    0.000000] Early memory node ranges
[    0.000000]   node   0: [mem 0x0000000000001000-0x000000000009efff]
[    0.000000]   node   0: [mem 0x0000000000100000-0x000000003ffeffff]
[    0.000000] Reserved but unavailable: 98 pages
[    0.000000] Initmem setup node 0 [mem 0x0000000000001000-0x000000003ffeffff]
[    0.000000] ACPI: PM-Timer IO Port: 0x4008
[    0.000000] IOAPIC[0]: apic_id 2, version 32, address 0xfec00000, GSI 0-23
[    0.000000] ACPI: INT_SRC_OVR (bus 0 bus_irq 0 global_irq 2 dfl dfl)
[    0.000000] ACPI: INT_SRC_OVR (bus 0 bus_irq 9 global_irq 9 low level)
[    0.000000] Using ACPI (MADT) for SMP configuration information
[    0.000000] smpboot: Allowing 2 CPUs, 0 hotplug CPUs
[    0.000000] PM: Registered nosave memory: [mem 0x00000000-0x00000fff]
[    0.000000] PM: Registered nosave memory: [mem 0x0009f000-0x0009ffff]
[    0.000000] PM: Registered nosave memory: [mem 0x000a0000-0x000effff]
[    0.000000] PM: Registered nosave memory: [mem 0x000f0000-0x000fffff]
[    0.000000] e820: [mem 0x40000000-0xfebfffff] available for PCI devices
[    0.000000] Booting paravirtualized kernel on KVM
[    0.000000] clocksource: refined-jiffies: mask: 0xffffffff max_cycles: 0xffffffff, max_idle_ns: 7645519600211568 ns
[    0.000000] random: get_random_bytes called from start_kernel+0x99/0x4fd with crng_init=0
[    0.000000] setup_percpu: NR_CPUS:8192 nr_cpumask_bits:2 nr_cpu_ids:2 nr_node_ids:1
[    0.000000] percpu: Embedded 46 pages/cpu s151552 r8192 d28672 u1048576
[    0.000000] PV qspinlock hash table entries: 256 (order: 0, 4096 bytes)
[    0.000000] Built 1 zonelists, mobility grouping on.  Total pages: 257913
[    0.000000] Policy zone: DMA32
[    0.000000] Kernel command line: BOOT_IMAGE=/boot/vmlinuz-4.15.0-64-generic root=LABEL=cloudimg-rootfs ro console=tty1 console=ttyS0
[    0.000000] Memory: 983436K/1048120K available (12300K kernel code, 2481K rwdata, 4172K rodata, 2436K init, 2384K bss, 64684K reserved, 0K cma-reserved)
[    0.000000] SLUB: HWalign=64, Order=0-3, MinObjects=0, CPUs=2, Nodes=1
[    0.000000] Kernel/User page tables isolation: enabled
[    0.000000] ftrace: allocating 39306 entries in 154 pages
[    0.004000] Hierarchical RCU implementation.
[    0.004000] 	RCU restricting CPUs from NR_CPUS=8192 to nr_cpu_ids=2.
[    0.004000] 	Tasks RCU enabled.
[    0.004000] RCU: Adjusting geometry for rcu_fanout_leaf=16, nr_cpu_ids=2
[    0.004000] NR_IRQS: 524544, nr_irqs: 440, preallocated irqs: 16
[    0.004000] Console: colour VGA+ 80x25
[    0.004000] console [tty1] enabled
[    0.004000] console [ttyS0] enabled
[    0.004000] ACPI: Core revision 20170831
[    0.004000] ACPI: 2 ACPI AML tables successfully acquired and loaded
[    0.004000] APIC: Switch to symmetric I/O mode setup
[    0.004000] x2apic enabled
[    0.004000] Switched APIC routing to physical x2apic.
[    0.004155] ..TIMER: vector=0x30 apic1=0 pin1=2 apic2=-1 pin2=-1
[    0.008002] tsc: Detected 1895.998 MHz processor
[    0.008939] Calibrating delay loop (skipped) preset value.. 3791.99 BogoMIPS (lpj=7583992)
[    0.009576] pid_max: default: 32768 minimum: 301
[    0.012029] Security Framework initialized
[    0.012804] Yama: becoming mindful.
[    0.013576] AppArmor: AppArmor initialized
[    0.016000] Dentry cache hash table entries: 131072 (order: 8, 1048576 bytes)
[    0.016053] Inode-cache hash table entries: 65536 (order: 7, 524288 bytes)
[    0.020011] Mount-cache hash table entries: 2048 (order: 2, 16384 bytes)
[    0.021248] Mountpoint-cache hash table entries: 2048 (order: 2, 16384 bytes)
[    0.024162] Last level iTLB entries: 4KB 64, 2MB 8, 4MB 8
[    0.025182] Last level dTLB entries: 4KB 64, 2MB 0, 4MB 0, 1GB 4
[    0.026275] Spectre V1 : Mitigation: usercopy/swapgs barriers and __user pointer sanitization
[    0.027835] Spectre V2 : Mitigation: Full generic retpoline
[    0.028002] Spectre V2 : Spectre v2 / SpectreRSB mitigation: Filling RSB on context switch
[    0.029534] Speculative Store Bypass: Vulnerable
[    0.030607] MDS: Vulnerable: Clear CPU buffers attempted, no microcode
[    0.032194] Freeing SMP alternatives memory: 36K
[    0.036000] APIC calibration not consistent with PM-Timer: 98ms instead of 100ms
[    0.036000] APIC delta adjusted to PM-Timer: 6243473 (6155809)
[    0.036000] smpboot: CPU0: Intel(R) Core(TM) i5-8350U CPU @ 1.70GHz (family: 0x6, model: 0x8e, stepping: 0xa)
[    0.036000] Performance Events: unsupported p6 CPU model 142 no PMU driver, software events only.
[    0.036000] Hierarchical SRCU implementation.
[    0.036518] NMI watchdog: Perf event create on CPU 0 failed with -2
[    0.037746] NMI watchdog: Perf NMI watchdog permanently disabled
[    0.038943] smp: Bringing up secondary CPUs ...
[    0.040071] x86: Booting SMP configuration:
[    0.040929] .... node  #0, CPUs:      #1
[    0.004000] kvm-clock: cpu 1, msr 0:3ff44041, secondary cpu clock
[    0.044017] smp: Brought up 1 node, 2 CPUs
[    0.044847] smpboot: Max logical packages: 1
[    0.045737] smpboot: Total of 2 processors activated (7583.99 BogoMIPS)
[    0.048050] devtmpfs: initialized
[    0.048832] x86/mm: Memory block size: 128MB
[    0.049799] evm: security.selinux
[    0.050474] evm: security.SMACK64
[    0.051207] evm: security.SMACK64EXEC
[    0.052003] evm: security.SMACK64TRANSMUTE
[    0.052959] evm: security.SMACK64MMAP
[    0.053750] evm: security.apparmor
[    0.054499] evm: security.ima
[    0.055212] evm: security.capability
[    0.056088] clocksource: jiffies: mask: 0xffffffff max_cycles: 0xffffffff, max_idle_ns: 7645041785100000 ns
[    0.057991] futex hash table entries: 512 (order: 3, 32768 bytes)
[    0.060014] pinctrl core: initialized pinctrl subsystem
[    0.064020] RTC time: 17:27:27, date: 10/30/19
[    0.065123] NET: Registered protocol family 16
[    0.066115] audit: initializing netlink subsys (disabled)
[    0.067226] audit: type=2000 audit(1572456453.383:1): state=initialized audit_enabled=0 res=1
[    0.068010] cpuidle: using governor ladder
[    0.068895] cpuidle: using governor menu
[    0.069773] ACPI: bus type PCI registered
[    0.070569] acpiphp: ACPI Hot Plug PCI Controller Driver version: 0.5
[    0.072106] PCI: Using configuration type 1 for base access
[    0.073276] HugeTLB registered 2.00 MiB page size, pre-allocated 0 pages
[    0.076072] ACPI: Added _OSI(Module Device)
[    0.076996] ACPI: Added _OSI(Processor Device)
[    0.077928] ACPI: Added _OSI(3.0 _SCP Extensions)
[    0.080003] ACPI: Added _OSI(Processor Aggregator Device)
[    0.081169] ACPI: Added _OSI(Linux-Dell-Video)
[    0.082101] ACPI: Added _OSI(Linux-Lenovo-NV-HDMI-Audio)
[    0.083178] ACPI: Added _OSI(Linux-HPI-Hybrid-Graphics)
[    0.084299] ACPI: Executed 1 blocks of module-level executable AML code
[    0.089960] ACPI: Interpreter enabled
[    0.090769] ACPI: (supports S0 S5)
[    0.092002] ACPI: Using IOAPIC for interrupt routing
[    0.093309] PCI: Using host bridge windows from ACPI; if necessary, use "pci=nocrs" and report a bug
[    0.095286] ACPI: Enabled 2 GPEs in block 00 to 07
[    0.102846] ACPI: PCI Root Bridge [PCI0] (domain 0000 [bus 00-ff])
[    0.103969] acpi PNP0A03:00: _OSC: OS supports [ASPM ClockPM Segments MSI]
[    0.104557] acpi PNP0A03:00: _OSC: not requesting OS control; OS requires [ExtendedConfig ASPM ClockPM MSI]
[    0.106440] acpi PNP0A03:00: fail to add MMCONFIG information, can't access extended PCI configuration space under this bridge.
[    0.108344] PCI host bridge to bus 0000:00
[    0.109169] pci_bus 0000:00: root bus resource [io  0x0000-0x0cf7 window]
[    0.112003] pci_bus 0000:00: root bus resource [io  0x0d00-0xffff window]
[    0.113402] pci_bus 0000:00: root bus resource [mem 0x000a0000-0x000bffff window]
[    0.114942] pci_bus 0000:00: root bus resource [mem 0x40000000-0xfdffffff window]
[    0.116003] pci_bus 0000:00: root bus resource [bus 00-ff]
[    0.120073] pci 0000:00:01.1: legacy IDE quirk: reg 0x10: [io  0x01f0-0x01f7]
[    0.122442] pci 0000:00:01.1: legacy IDE quirk: reg 0x14: [io  0x03f6]
[    0.124002] pci 0000:00:01.1: legacy IDE quirk: reg 0x18: [io  0x0170-0x0177]
[    0.125378] pci 0000:00:01.1: legacy IDE quirk: reg 0x1c: [io  0x0376]
[    0.139277] pci 0000:00:07.0: quirk: [io  0x4000-0x403f] claimed by PIIX4 ACPI
[    0.140020] pci 0000:00:07.0: quirk: [io  0x4100-0x410f] claimed by PIIX4 SMB
[    0.147336] ACPI: PCI Interrupt Link [LNKA] (IRQs 5 9 10 *11)
[    0.148357] ACPI: PCI Interrupt Link [LNKB] (IRQs 5 9 *10 11)
[    0.149674] ACPI: PCI Interrupt Link [LNKC] (IRQs 5 *9 10 11)
[    0.150943] ACPI: PCI Interrupt Link [LNKD] (IRQs 5 9 10 *11)
[    0.152401] SCSI subsystem initialized
[    0.153277] pci 0000:00:02.0: vgaarb: setting as boot VGA device
[    0.153277] pci 0000:00:02.0: vgaarb: VGA device added: decodes=io+mem,owns=io+mem,locks=none
[    0.156008] pci 0000:00:02.0: vgaarb: bridge control possible
[    0.157179] vgaarb: loaded
[    0.157780] ACPI: bus type USB registered
[    0.158623] usbcore: registered new interface driver usbfs
[    0.160018] usbcore: registered new interface driver hub
[    0.161192] usbcore: registered new device driver usb
[    0.162254] EDAC MC: Ver: 3.0.0
[    0.164066] PCI: Using ACPI for IRQ routing
[    0.165152] NetLabel: Initializing
[    0.165877] NetLabel:  domain hash size = 128
[    0.166783] NetLabel:  protocols = UNLABELED CIPSOv4 CALIPSO
[    0.167925] NetLabel:  unlabeled traffic allowed by default
[    0.168085] clocksource: Switched to clocksource kvm-clock
[    0.185161] VFS: Disk quotas dquot_6.6.0
[    0.186028] VFS: Dquot-cache hash table entries: 512 (order 0, 4096 bytes)
[    0.187411] AppArmor: AppArmor Filesystem Enabled
[    0.188382] pnp: PnP ACPI init
[    0.190125] pnp: PnP ACPI: found 3 devices
[    0.200501] clocksource: acpi_pm: mask: 0xffffff max_cycles: 0xffffff, max_idle_ns: 2085701024 ns
[    0.202397] NET: Registered protocol family 2
[    0.206055] TCP established hash table entries: 8192 (order: 4, 65536 bytes)
[    0.207400] TCP bind hash table entries: 8192 (order: 5, 131072 bytes)
[    0.208719] TCP: Hash tables configured (established 8192 bind 8192)
[    0.210023] UDP hash table entries: 512 (order: 2, 16384 bytes)
[    0.211145] UDP-Lite hash table entries: 512 (order: 2, 16384 bytes)
[    0.212436] NET: Registered protocol family 1
[    0.213341] pci 0000:00:00.0: Limiting direct PCI/PCI transfers
[    0.214718] pci 0000:00:01.0: Activating ISA DMA hang workarounds
[    0.216060] pci 0000:00:02.0: Video device with shadowed ROM at [mem 0x000c0000-0x000dffff]
[    0.217681] Unpacking initramfs...
[    0.499469] Freeing initrd memory: 19148K
[    0.500434] clocksource: tsc: mask: 0xffffffffffffffff max_cycles: 0x36a8cecc844, max_idle_ns: 881590549475 ns
[    0.502395] platform rtc_cmos: registered platform RTC device (no PNP device found)
[    0.503926] Scanning for low memory corruption every 60 seconds
[    0.505750] Initialise system trusted keyrings
[    0.506665] Key type blacklist registered
[    0.507589] workingset: timestamp_bits=36 max_order=18 bucket_order=0
[    0.509929] zbud: loaded
[    0.511062] squashfs: version 4.0 (2009/01/31) Phillip Lougher
[    0.512416] fuse init (API version 7.26)
[    0.515978] Key type asymmetric registered
[    0.516776] Asymmetric key parser 'x509' registered
[    0.517666] Block layer SCSI generic (bsg) driver version 0.4 loaded (major 246)
[    0.519040] io scheduler noop registered
[    0.519765] io scheduler deadline registered
[    0.520622] io scheduler cfq registered (default)
[    0.521714] ACPI: AC Adapter [AC] (on-line)
[    0.522510] input: Power Button as /devices/LNXSYSTM:00/LNXPWRBN:00/input/input0
[    0.523873] ACPI: Power Button [PWRF]
[    0.524683] input: Sleep Button as /devices/LNXSYSTM:00/LNXSLPBN:00/input/input1
[    0.526005] ACPI: Sleep Button [SLPF]
[    0.527675] ACPI: Battery Slot [BAT0] (battery present)
[    0.528767] Serial: 8250/16550 driver, 32 ports, IRQ sharing enabled
[    0.550540] 00:02: ttyS0 at I/O 0x3f8 (irq = 4, base_baud = 115200) is a 16550A
[    0.555996] Linux agpgart interface v0.103
[    0.558433] loop: module loaded
[    0.559574] scsi host0: ata_piix
[    0.560401] scsi host1: ata_piix
[    0.561060] ata1: PATA max UDMA/33 cmd 0x1f0 ctl 0x3f6 bmdma 0xd000 irq 14
[    0.562218] ata2: PATA max UDMA/33 cmd 0x170 ctl 0x376 bmdma 0xd008 irq 15
[    0.563730] libphy: Fixed MDIO Bus: probed
[    0.564584] tun: Universal TUN/TAP device driver, 1.6
[    0.565587] PPP generic driver version 2.4.2
[    0.566449] ehci_hcd: USB 2.0 'Enhanced' Host Controller (EHCI) Driver
[    0.567614] ehci-pci: EHCI PCI platform driver
[    0.568544] ehci-platform: EHCI generic platform driver
[    0.569562] ohci_hcd: USB 1.1 'Open' Host Controller (OHCI) Driver
[    0.570652] ohci-pci: OHCI PCI platform driver
[    0.571547] ohci-platform: OHCI generic platform driver
[    0.572533] uhci_hcd: USB Universal Host Controller Interface driver
[    0.573694] i8042: PNP: PS/2 Controller [PNP0303:PS2K,PNP0f03:PS2M] at 0x60,0x64 irq 1,12
[    0.575665] serio: i8042 KBD port at 0x60,0x64 irq 1
[    0.576876] serio: i8042 AUX port at 0x60,0x64 irq 12
[    0.578434] mousedev: PS/2 mouse device common for all mice
[    0.580267] input: AT Translated Set 2 keyboard as /devices/platform/i8042/serio0/input/input2
[    0.582668] rtc_cmos rtc_cmos: rtc core: registered rtc_cmos as rtc0
[    0.583887] rtc_cmos rtc_cmos: alarms up to one day, 114 bytes nvram
[    0.585033] i2c /dev entries driver
[    0.585769] device-mapper: uevent: version 1.0.3
[    0.586733] device-mapper: ioctl: 4.37.0-ioctl (2017-09-20) initialised: dm-devel@redhat.com
[    0.588705] ledtrig-cpu: registered to indicate activity on CPUs
[    0.590088] NET: Registered protocol family 10
[    0.594706] Segment Routing with IPv6
[    0.595602] NET: Registered protocol family 17
[    0.596650] Key type dns_resolver registered
[    0.597796] mce: Using 0 MCE banks
[    0.598482] RAS: Correctable Errors collector initialized.
[    0.599596] sched_clock: Marking stable (597766650, 0)->(879783648, -282016998)
[    0.601624] registered taskstats version 1
[    0.602419] Loading compiled-in X.509 certificates
[    0.605887] Loaded X.509 cert 'Build time autogenerated kernel key: 9ff85db0b1f72c0c954e4d2eaca5a9366845820b'
[    0.607884] zswap: loaded using pool lzo/zbud
[    0.612518] Key type big_key registered
[    0.613507] Key type trusted registered
[    0.616044] Key type encrypted registered
[    0.616841] AppArmor: AppArmor sha1 policy hashing enabled
[    0.617967] ima: No TPM chip found, activating TPM-bypass! (rc=-19)
[    0.619080] ima: Allocated hash algorithm: sha1
[    0.619925] evm: HMAC attrs: 0x1
[    0.620850]   Magic number: 7:11:493
[    0.621712] rtc_cmos rtc_cmos: setting system clock to 2019-10-30 17:27:28 UTC (1572456448)
[    0.623611] BIOS EDD facility v0.16 2004-Jun-25, 0 devices found
[    0.624859] EDD information not available.
[    0.728844] Freeing unused kernel image memory: 2436K
[    0.740586] Write protecting the kernel read-only data: 20480k
[    0.746520] Freeing unused kernel image memory: 2008K
[    0.751057] Freeing unused kernel image memory: 1972K
[    0.766485] x86/mm: Checked W+X mappings: passed, no W+X pages found.
[    0.768174] x86/mm: Checking user space page tables
[    0.777576] x86/mm: Checked W+X mappings: passed, no W+X pages found.
Loading, please wait...
starting version 237
[    0.843328] Fusion MPT base driver 3.04.20
[    0.844397] Copyright (c) 1999-2008 LSI Corporation
[    0.867456] AVX2 version of gcm_enc/dec engaged.
[    0.868438] AES CTR mode by8 optimization enabled
[    0.869947] Fusion MPT SPI Host driver 3.04.20
[    0.871862] e1000: Intel(R) PRO/1000 Network Driver - version 7.3.21-k8-NAPI
[    0.873281] e1000: Copyright (c) 1999-2006 Intel Corporation.
[    0.877884] mptbase: ioc0: Initiating bringup
[    0.977950] ioc0: LSI53C1030 A0: Capabilities={Initiator}
[    1.070029] input: ImExPS/2 Generic Explorer Mouse as /devices/platform/i8042/serio1/input/input4
[    1.239238] scsi host2: ioc0: LSI53C1030 A0, FwRev=00000000h, Ports=1, MaxQ=256, IRQ=20
[    1.417216] scsi 2:0:0:0: Direct-Access     VBOX     HARDDISK         1.0  PQ: 0 ANSI: 5
[    1.476485] scsi target2:0:0: Beginning Domain Validation
[    1.505682] scsi target2:0:0: Domain Validation skipping write tests
[    1.506963] scsi target2:0:0: Ending Domain Validation
[    1.508178] scsi target2:0:0: asynchronous
[    1.509907] scsi 2:0:1:0: Direct-Access     VBOX     HARDDISK         1.0  PQ: 0 ANSI: 5
[    1.544131] scsi target2:0:1: Beginning Domain Validation
[    1.547096] random: fast init done
[    1.550221] scsi target2:0:1: Domain Validation skipping write tests
[    1.551438] scsi target2:0:1: Ending Domain Validation
[    1.552615] scsi target2:0:1: asynchronous
[    1.557689] random: systemd-udevd: uninitialized urandom read (16 bytes read)
[    1.558978] random: systemd-udevd: uninitialized urandom read (16 bytes read)
[    1.560260] random: systemd-udevd: uninitialized urandom read (16 bytes read)
[    1.561720] sd 2:0:0:0: Attached scsi generic sg0 type 0
[    1.562831] sd 2:0:0:0: [sda] 20971520 512-byte logical blocks: (10.7 GB/10.0 GiB)
[    1.564344] sd 2:0:0:0: [sda] Write Protect is off
[    1.565326] sd 2:0:1:0: Attached scsi generic sg1 type 0
[    1.566332] sd 2:0:0:0: [sda] Incomplete mode parameter data
[    1.567366] sd 2:0:0:0: [sda] Assuming drive cache: write through
[    1.568552] sd 2:0:1:0: [sdb] 20480 512-byte logical blocks: (10.5 MB/10.0 MiB)
[    1.569978] sd 2:0:1:0: [sdb] Write Protect is off
[    1.571010] sd 2:0:1:0: [sdb] Incomplete mode parameter data
[    1.572100] sd 2:0:1:0: [sdb] Assuming drive cache: write through
[    1.574695]  sda: sda1
[    1.577307] sd 2:0:0:0: [sda] Attached SCSI disk
[    1.578450] sd 2:0:1:0: [sdb] Attached SCSI disk
[    1.828979] e1000 0000:00:03.0 eth0: (PCI:33MHz:32-bit) 02:50:d4:3b:43:74
[    1.830349] e1000 0000:00:03.0 eth0: Intel(R) PRO/1000 Network Connection
[    1.832621] e1000 0000:00:03.0 enp0s3: renamed from eth0
Begin: Loading essential drivers ... [    3.424018] raid6: sse2x1   gen() 12329 MB/s
[    3.472770] raid6: sse2x1   xor()  9018 MB/s
[    3.520587] raid6: sse2x2   gen() 15038 MB/s
[    3.568465] raid6: sse2x2   xor() 10274 MB/s
[    3.616237] raid6: sse2x4   gen() 17417 MB/s
[    3.664060] raid6: sse2x4   xor() 10646 MB/s
[    3.712844] raid6: avx2x1   gen() 24753 MB/s
[    3.760670] raid6: avx2x1   xor() 17383 MB/s
[    3.808499] raid6: avx2x2   gen() 29008 MB/s
[    3.856322] raid6: avx2x2   xor() 18652 MB/s
[    3.904124] raid6: avx2x4   gen() 31023 MB/s
[    3.952021] raid6: avx2x4   xor() 18251 MB/s
[    3.952887] raid6: using algorithm avx2x4 gen() 31023 MB/s
[    3.953989] raid6: .... xor() 18251 MB/s, rmw enabled
[    3.954960] raid6: using avx2x2 recovery algorithm
[    3.957291] xor: automatically using best checksumming function   avx       
[    3.959742] async_tx: api initialized (async)
done.
Begin: Running /scripts/init-premount ... done.
Begin: Mounting root file system ... Begin: Running /scripts/local-top ... done.
Begin: Running /scripts/local-premount ... [    4.001755] Btrfs loaded, crc32c=crc32c-intel
Scanning for Btrfs filesystems
done.
Warning: fsck not present, so skipping root file system
[    4.029202] EXT4-fs (sda1): mounted filesystem with ordered data mode. Opts: (null)
done.
Begin: Running /scripts/local-bottom ... done.
Begin: Running /scripts/init-bottom ... done.
[    4.200726] ip_tables: (C) 2000-2006 Netfilter Core Team
[    4.210615] systemd[1]: systemd 237 running in system mode. (+PAM +AUDIT +SELINUX +IMA +APPARMOR +SMACK +SYSVINIT +UTMP +LIBCRYPTSETUP +GCRYPT +GNUTLS +ACL +XZ +LZ4 +SECCOMP +BLKID +ELFUTILS +KMOD -IDN2 +IDN -PCRE2 default-hierarchy=hybrid)
[    4.214848] systemd[1]: Detected virtualization oracle.
[    4.215831] systemd[1]: Detected architecture x86-64.

Welcome to [1mUbuntu 18.04.3 LTS[0m!

[    4.232915] systemd[1]: Set hostname to <ubuntu>.
[    4.237804] systemd[1]: Initializing machine ID from random generator.
[    4.239105] systemd[1]: Installed transient /etc/machine-id file.
[    4.466724] systemd[1]: Reached target System Time Synchronized.
[[0;32m  OK  [0m] Reached target System Time Synchronized.
[    4.485280] systemd[1]: Created slice System Slice.
[[0;32m  OK  [0m] Created slice System Slice.
[    4.490772] systemd[1]: Created slice system-serial\x2dgetty.slice.
[[0;32m  OK  [0m] Created slice system-serial\x2dgetty.slice.
[    4.496710] systemd[1]: Listening on udev Kernel Socket.
[[0;32m  OK  [0m] Listening on udev Kernel Socket.
[[0;32m  OK  [0m] Listening on LVM2 metadata daemon socket.
[[0;32m  OK  [0m] Listening on Device-mapper event daemon FIFOs.
[[0;32m  OK  [0m] Listening on Journal Socket (/dev/log).
[[0;32m  OK  [0m] Reached target Swap.
[[0;32m  OK  [0m] Created slice User and Session Slice.
[[0;32m  OK  [0m] Set up automount Arbitrary Executabâ€¦rmats File System Automount Point.
[[0;32m  OK  [0m] Listening on Syslog Socket.
[[0;32m  OK  [0m] Reached target User and Group Name Lookups.
[[0;32m  OK  [0m] Listening on udev Control Socket.
[[0;32m  OK  [0m] Listening on Journal Audit Socket.
[[0;32m  OK  [0m] Listening on LVM2 poll daemon socket.
[[0;32m  OK  [0m] Started Forward Password Requests to Wall Directory Watch.
[[0;32m  OK  [0m] Listening on Journal Socket.
         Mounting POSIX Message Queue File System...
         Starting Load Kernel Modules...
         Starting Journal Service...
[    4.618756] Loading iSCSI transport class v2.0-870.
         Starting Set the console keyboard layout...
         Mounting Huge Pages File System...
         Starting udev Coldplug all Devices...
         Mounting Kernel Debug File System...
[    4.635419] iscsi: registered transport (tcp)
         Starting Create list of required stâ€¦ce nodes for the current kernel...
[    4.651679] iscsi: registered transport (iser)
         Starting Monitoring of LVM2 mirrorsâ€¦ng dmeventd or progress polling...
         Starting Uncomplicated firewall...
[[0;32m  OK  [0m] Reached target Slices.
         Starting Remount Root and Kernel File Systems...
[[0;32m  OK  [0m] Listening on Network Service Netlink Socket.
[[0;32m  OK  [0m] Listening on /dev/initctl Compatibility Named Pipe.
[[0;32m  OK  [0m] Mounted POSIX Message Queue File System.
[[0;32m  OK  [0m] Started Journal Service.
[[0;32m  OK  [0m] Started Load Kernel Modules.
[[0;32m  OK  [0m] Mounted Huge Pages File System.
[[0;32m  OK  [0m] Mounted Kernel Debug File System.
[[0;32m  OK  [0m] Started Create list of required staâ€¦vice nodes for the current kernel.
[[0;32m  OK  [0m] Started Uncomplicated firewall.
[    4.754051] EXT4-fs (sda1): re-mounted. Opts: (null)
[[0;32m  OK  [0m] Started Remount Root and Kernel File Systems.
[[0;32m  OK  [0m] Started LVM2 metadata daemon.
         Starting Load/Save Random Seed...
         Starting Create Static Device Nodes in /dev...
         Mounting FUSE Control File System...
         Starting Apply Kernel Variables...
         Mounting Kernel Configuration File System...
         Starting Flush Journal to Persistent Storage...
[[0;32m  OK  [0m] Started Monitoring of LVM2 mirrors,â€¦sing dmeventd or progress polling.
[[0;32m  OK  [0m] Started udev Coldplug all Devices.
[[0;32m  OK  [0m] Started Load/Save Random Seed.
[[0;32m  OK  [0m] Started Set the console keyboard layout.
[[0;32m  OK  [0m] Started Create Static Device Nodes in /dev.
[[0;32m  OK  [0m] Mounted FUSE Control File System.
[[0;32m  OK  [0m] Started Apply Kernel Variables.
[[0;32m  OK  [0m] Mounted Kernel Configuration File System.
         Starting udev Kernel Device Manager...
[[0;32m  OK  [0m] Reached target Local File Systems (Pre).
[[0;32m  OK  [0m] Reached target Local File Systems.
         Starting Tell Plymouth To Write Out Runtime Data...
         Starting Commit a transient machine-id on disk...
         Starting Set console font and keymap...
         Starting ebtables ruleset management...
         Starting AppArmor initialization...
[[0;32m  OK  [0m] Started udev Kernel Device Manager.
[[0;32m  OK  [0m] Started Dispatch Password Requests to Console Directory Watch.
[[0;32m  OK  [0m] Reached target Local Encrypted Volumes.
[[0;32m  OK  [0m] Started Tell Plymouth To Write Out Runtime Data.
[[0;32m  OK  [0m] Started Set console font and keymap.
[[0;32m  OK  [0m] Started Flush Journal to Persistent Storage.
[[0;32m  OK  [0m] Started Commit a transient machine-id on disk.
         Starting Create Volatile Files and Directories...
[[0;32m  OK  [0m] Started Create Volatile Files and Directories.
[[0;32m  OK  [0m] Started ebtables ruleset management.
         Starting Update UTMP about System Boot/Shutdown...
[[0;32m  OK  [0m] Started Update UTMP about System Boot/Shutdown.
[[0;32m  OK  [0m] Found device /dev/ttyS0.
[[0;32m  OK  [0m] Listening on Load/Save RF Kill Switch Status /dev/rfkill Watch.
[[0;32m  OK  [0m] Started AppArmor initialization.
         Starting Initial cloud-init job (pre-networking)...
[    7.873384] cloud-init[535]: Cloud-init v. 19.2-24-ge7881d5c-0ubuntu1~18.04.1 running 'init-local' at Wed, 30 Oct 2019 17:27:35 +0000. Up 7.45 seconds.
[[0;32m  OK  [0m] Started Initial cloud-init job (pre-networking).
[[0;32m  OK  [0m] Reached target Network (Pre).
         Starting Network Service...
[[0;32m  OK  [0m] Started Network Service.
         Starting Wait for Network to be Configured...
         Starting Network Name Resolution...
[[0;32m  OK  [0m] Started Network Name Resolution.
[[0;32m  OK  [0m] Reached target Network.
[[0;32m  OK  [0m] Reached target Host and Network Name Lookups.
[[0;32m  OK  [0m] Started Wait for Network to be Configured.
         Starting Initial cloud-init job (metadata service crawler)...
[   10.342953] cloud-init[662]: Cloud-init v. 19.2-24-ge7881d5c-0ubuntu1~18.04.1 running 'init' at Wed, 30 Oct 2019 17:27:38 +0000. Up 10.15 seconds.
[   10.344417] cloud-init[662]: ci-info: ++++++++++++++++++++++++++++++++++++++Net device info++++++++++++++++++++++++++++++++++++++
[   10.345777] cloud-init[662]: ci-info: +--------+------+----------------------------+---------------+--------+-------------------+
[   10.347161] cloud-init[662]: ci-info: | Device |  Up  |          Address           |      Mask     | Scope  |     Hw-Address    |
[   10.356581] cloud-init[662]: ci-info: +--------+------+----------------------------+---------------+--------+-------------------+
[   10.357668] cloud-init[662]: ci-info: | enp0s3 | True |         10.0.2.15          | 255.255.255.0 | global | 02:50:d4:3b:43:74 |
[   10.368225] cloud-init[662]: ci-info: | enp0s3 | True | fe80::50:d4ff:fe3b:4374/64 |       .       |  link  | 02:50:d4:3b:43:74 |
[   10.380304] cloud-init[662]: ci-info: |   lo   | True |         127.0.0.1          |   255.0.0.0   |  host  |         .         |
[   10.381408] cloud-init[662]: ci-info: |   lo   | True |          ::1/128           |       .       |  host  |         .         |
[   10.392744] cloud-init[662]: ci-info: +--------+------+----------------------------+---------------+--------+-------------------+
[   10.393700] cloud-init[662]: ci-info: ++++++++++++++++++++++++++++Route IPv4 info+++++++++++++++++++++++++++++
[   10.404525] cloud-init[662]: ci-info: +-------+-------------+----------+-----------------+-----------+-------+
[   10.405387] cloud-init[662]: ci-info: | Route | Destination | Gateway  |     Genmask     | Interface | Flags |
[   10.420596] cloud-init[662]: ci-info: +-------+-------------+----------+-----------------+-----------+-------+
[   10.432294] cloud-init[662]: ci-info: |   0   |   0.0.0.0   | 10.0.2.2 |     0.0.0.0     |   enp0s3  |   UG  |
[   10.448332] cloud-init[662]: ci-info: |   1   |   10.0.2.0  | 0.0.0.0  |  255.255.255.0  |   enp0s3  |   U   |
[   10.449173] cloud-init[662]: ci-info: |   2   |   10.0.2.2  | 0.0.0.0  | 255.255.255.255 |   enp0s3  |   UH  |
[   10.450172] cloud-init[662]: ci-info: +-------+-------------+----------+-----------------+-----------+-------+
[   10.451304] cloud-init[662]: ci-info: +++++++++++++++++++Route IPv6 info+++++++++++++++++++
[   10.452234] cloud-init[662]: ci-info: +-------+-------------+---------+-----------+-------+
[   10.453224] cloud-init[662]: ci-info: | Route | Destination | Gateway | Interface | Flags |
[   10.454156] cloud-init[662]: ci-info: +-------+-------------+---------+-----------+-------+
[   10.468253] cloud-init[662]: ci-info: |   1   |  fe80::/64  |    ::   |   enp0s3  |   U   |
[   10.469713] cloud-init[662]: ci-info: |   3   |    local    |    ::   |   enp0s3  |   U   |
[   10.488785] cloud-init[662]: ci-info: |   4   |   ff00::/8  |    ::   |   enp0s3  |   U   |
[   10.490395] cloud-init[662]: ci-info: +-------+-------------+---------+-----------+-------+
[   11.058539] cloud-init[662]: Generating public/private rsa key pair.
[   11.059144] cloud-init[662]: Your identification has been saved in /etc/ssh/ssh_host_rsa_key.
[   11.072629] cloud-init[662]: Your public key has been saved in /etc/ssh/ssh_host_rsa_key.pub.
[   11.073564] cloud-init[662]: The key fingerprint is:
[   11.084356] cloud-init[662]: SHA256:dOMuVphcAosKyXHLaZcukjljF1v1RW3WwgMUSK661IA root@ubuntu-bionic
[   11.085116] cloud-init[662]: The key's randomart image is:
[   11.097054] cloud-init[662]: +---[RSA 2048]----+
[   11.097524] cloud-init[662]: | . .  ....+*= .  |
[   11.108726] cloud-init[662]: |..+ o.ooo..  B . |
[   11.124186] [cloud-init[0;32m  OK  [0m[662]: ] |o. *.+. oo+ o o  |Started Initial cloud-init job (metadata service crawler).

[   11.141237] cloud-init[662]: | .+.B  o.B .     |
[[0;32m  OK  [0m] Reached target Cloud-config availability.
[[0;32m  OK  [0m] Reached target System Initialization.
[   11.144995] cloud-init[662]: | B.E o .S o      |
[[0;32m  OK  [0m] Started Message of the Day.
[   11.161289] cloud-init[662]: |. = . +  o       |
[   11.172683] cloud-init[662]: |     o .o .      |
[[0;32m  OK  [0m] Started ACPI Events Check.
[   11.185861] cloud-init[[662]: [0;32m  OK  [0m|    . .. .       |] 
Listening on UUID daemon activation socket.
[[0;32m  OK  [0m] Listening on Open-iSCSI iscsid Socket.
[   11.187081] cloud-init[662]: |     .           |
[   11.188105]          Starting Socket activation for snappy daemon.
[[0;32m  OK  [0m] Started Discard unused blocks once a week.
cloud-init[662]: +----[SHA256]-----+
[   11.189617] cloud-init         Starting LXD - unix socket.
[[0;32m  OK  [0m] Reached target Paths.
[[0;32m  OK  [0m] Started Daily apt download activities.
[[0;32m  OK  [0m] Started Daily apt upgrade and clean activities.
[[0;32m  OK  [0m] Listening on ACPID Listen Socket.
[[0;32m  OK  [0m] Listening on D-Bus System Message Bus Socket.
[[0;32m  OK  [0m] Started Daily Cleanup of Temporary Directories.
[[0;32m  OK  [0m] Reached target Timers.
[[0;32m  OK  [0m] Reached target Network is Online.
[662]: Generating public/private dsa key pair.
[   11.196684]          Starting Availability of block devices...
[[0;32m  OK  [0m] Reached target Remote File Systems (Pre).
[[0;32m  OK  [0m] Reached target Remote File Systems.
[[0;32m  OK  [0m] Listening on Socket activation for snappy daemon.
[[0;32m  OK  [0m] Listening on LXD - unix socket.
[[0;32m  OK  [0m] Reached target Sockets.
[[0;32m  OK  [0m] Reached target Basic System.
cloud-init[662]: Your identification has been saved in /etc/ssh/ssh_host_dsa_key.
         Starting System Logging Service...
[[0;32m  OK  [0m] Started FUSE filesystem for LXC.
[   11.205416] cloud-init[662]: Your public key has been saved in /etc/ssh/ssh_host_dsa_key.pub.
[   11.228577] cloud-init[662]: The key fingerprint is:
[   11.244497] cloud-init[662]: SHA256:loR5NjWMzBYkdYTfK6WckhFDx+VtMqCCSM7nDOPmO98 root@ubuntu-bionic
         Starting Dispatcher daemon for systemd-networkd...
         Starting LSB: automatic crash report generation...
[   11.262484] cloud-init[662]: The key's randomart image is:
[   11.273698] cloud-init[662]: +---[DSA 1024]----+
[[0;32m  OK  [0m] Started Regular background program processing daemon.
[   11.288295] cloud-init[662]: |  .   .*=BB..    |
[   11.300912] cloud-init[662]: | + . . +O=o+ .   |
         Starting Accounts Service...
[   11.302170] cloud-init[662]: |  * o +.*+ .+ o  |
[   11.312899]          Starting LXD - container startup/shutdown...
         Starting Virtualbox guest utils...
         Starting Login Service...
         Starting Pollinate to seed the pseudo random number generator...
cloud-init[662]: | . *   =.o. o+   |
[[0;32m  OK  [0m] Started irqbalance daemon.
[   11.318749] cloud-init[662]: |  o o   S+ + .   |
[   11.320441]          Starting LSB: Record successful boot for GRUB...
cloud-init[662]: | o     .o = .    |[[0;32m  OK  [0m] Started Deferred execution scheduler.

[[0;32m  OK  [0m] Started D-Bus System Message Bus.
[   11.326687] cloud-init[662]: |  .      . .     |
[   11.348223] cloud-init[662]: |  .. .           |
[   11.349077] cloud-init[662]: |  .o. E          |
[   11.349772] cloud-init[662]: +----[SHA256]-----+
[   11.350461] cloud-init[662]: Generating public/private ecdsa key pair.
[   11.351308] cloud-init[662]: Your identification has been saved in /etc/ssh/ssh_host_ecdsa_key.
[   11.352512] cloud-init[662]: Your public key has been saved in /etc/ssh/ssh_host_ecdsa_key.pub.
[   11.353655] cloud-init[662]: The key fingerprint is:
[   11.360265] cloud-init[662]: SHA256:TH/cHlI0FoNhlGiEqxOd7ZmCckpz3oE44xhC1Wh0yYo root@ubuntu-bionic
[   11.362016] cloud-init[662]: The key's randomart image is:
[   11.364314] cloud-init[662]: +---[ECDSA 256]---+
[   11.366766] cloud-init[662]: |  ..+..  o.o++*. |
[   11.367566] cloud-init[662]: |   +.+  . o.oo o |
[   11.368311] cloud-init[662]: |  + .  ..=    .  |
[   11.369476] cloud-init[662]: | E .  .o+... o   |
[   11.370195] cloud-init[662]: |.    . =S..o+ o  |
[   11.370936] cloud-init[662]: |. . B B o +. o . |
[   11.371987] cloud-init[662]: | . = X o o    .  |
[   11.372745] cloud-init[662]: |  . o . .        |
[   11.373672] cloud-init[662]: |                 |
[   11.374516] cloud-init[662]: +----[SHA256]-----+
[   11.375341] cloud-init[662]: Generating public/private ed25519 key pair.
[   11.376575] cloud-init[662]: Your identification has been saved in /etc/ssh/ssh_host_ed25519_key.
[   11.377750] cloud-init[662]: Your public key has been saved in /etc/ssh/ssh_host_ed25519_key.pub.
[   11.379081] cloud-init[662]: The key fingerprint is:
[   11.379744] cloud-init[662]: SHA256:pu0V9SIeBx5JDucnEGbAfh7p6JrH9pOMM1P8f179fqk root@ubuntu-bionic
[   11.381457] cloud-init[662]: The key's randomart image is:
[   11.382276] cloud-init[662]: +--[ED25519 256]--+
[   11.383084] cloud-init[662]: |     ...*.o      |
[   11.383563] cloud-init[662]: |      .o B .     |
[   11.383957] cloud-init[662]: |     .   .B o    |
[   11.400181] cloud-init[662]: |      . +. * .   |
[   11.401046] cloud-init[662]: |       *S.= o .  |
[   11.401971] cloud-init[662]: |      .+=. = .  .|
[   11.402602] cloud-init[662]: |     o.+.oo     +|
[   11.403003] cloud-init[662]: |     .X.+..   .oo|
[   11.404318] cloud-init[662]: |    o+ =o. ..Eo.+|
[   11.405049] cloud-init[662]: +----[SHA256]-----+
         Starting Permit User Sessions...
         Starting Snappy daemon...
[[0;32m  OK  [0m] Started System Logging Service.
[[0;32m  OK  [0m] Started Availability of block devices.
[[0;32m  OK  [0m] Started Permit User Sessions.
[[0;32m  OK  [0m] Started Login Service.
[[0;32m  OK  [0m] Started Unattended Upgrades Shutdown.
         Starting Terminate Plymouth Boot Screen...
         Starting Hold until boot process finishes up...
[[0;32m  OK  [0m] Started Hold until boot process finishes up.
[[0;32m  OK  [0m] Started Serial Getty on ttyS0.
         Starting Set console scheme...
[[0;32m  OK  [0m] Started Terminate Plymouth Boot Screen.
[[0;32m  OK  [0m] Started Set console scheme.
[[0;32m  OK  [0m] Started LXD - container startup/shutdown.
[[0;32m  OK  [0m] Started LSB: automatic crash report generation.
         Starting Authorization Manager...
[[0;32m  OK  [0m] Created slice system-getty.slice.
[[0;32m  OK  [0m] Started Getty on tty1.
[[0;32m  OK  [0m] Reached target Login Prompts.
[[0;32m  OK  [0m] Started LSB: Record successful boot for GRUB.
[[0;32m  OK  [0m] Started Dispatcher daemon for systemd-networkd.
[[0;32m  OK  [0m] Started Virtualbox guest utils.
[[0;32m  OK  [0m] Started Authorization Manager.
[[0;32m  OK  [0m] Started Accounts Service.
[[0;32m  OK  [0m] Started Snappy daemon.
         Starting Wait until snapd is fully seeded...
[[0;32m  OK  [0m] Started Pollinate to seed the pseudo random number generator.
         Starting OpenBSD Secure Shell server...
[[0;32m  OK  [0m] Started OpenBSD Secure Shell server.
[[0;32m  OK  [0m] Created slice User Slice of vagrant.
         Starting User Manager for UID 1000...
[[0;32m  OK  [0m] Started Session 1 of user vagrant.
[[0;32m  OK  [0m] Started User Manager for UID 1000.

Ubuntu 18.04.3 LTS ubuntu-bionic ttyS0

ubuntu-bionic login: [   24.761731] cloud-init[1878]: Cloud-init v. 19.2-24-ge7881d5c-0ubuntu1~18.04.1 running 'modules:config' at Wed, 30 Oct 2019 17:27:52 +0000. Up 24.30 seconds.
ci-info: no authorized ssh keys fingerprints found for user ubuntu.
<14>Oct 30 17:27:53 ec2: 
<14>Oct 30 17:27:53 ec2: #############################################################
<14>Oct 30 17:27:53 ec2: -----BEGIN SSH HOST KEY FINGERPRINTS-----
<14>Oct 30 17:27:53 ec2: 1024 SHA256:loR5NjWMzBYkdYTfK6WckhFDx+VtMqCCSM7nDOPmO98 root@ubuntu-bionic (DSA)
<14>Oct 30 17:27:53 ec2: 256 SHA256:TH/cHlI0FoNhlGiEqxOd7ZmCckpz3oE44xhC1Wh0yYo root@ubuntu-bionic (ECDSA)
<14>Oct 30 17:27:53 ec2: 256 SHA256:pu0V9SIeBx5JDucnEGbAfh7p6JrH9pOMM1P8f179fqk root@ubuntu-bionic (ED25519)
<14>Oct 30 17:27:53 ec2: 2048 SHA256:dOMuVphcAosKyXHLaZcukjljF1v1RW3WwgMUSK661IA root@ubuntu-bionic (RSA)
<14>Oct 30 17:27:53 ec2: -----END SSH HOST KEY FINGERPRINTS-----
<14>Oct 30 17:27:53 ec2: #############################################################
-----BEGIN SSH HOST KEY KEYS-----
ecdsa-sha2-nistp256 AAAAE2VjZHNhLXNoYTItbmlzdHAyNTYAAAAIbmlzdHAyNTYAAABBBMJe8GdRmOy0MpAzvb1cUekdbrSFsbDoCyASW6xRFxdIyvKq4Q2ugQBh7OqlQHp3kYJkPG2JDBJoN1ygeFmzzII= root@ubuntu-bionic
ssh-ed25519 AAAAC3NzaC1lZDI1NTE5AAAAIL9ZNSZpxCqjsg4sfnDDem6cW2KXxpGP2PDiFRwSGEgw root@ubuntu-bionic
ssh-rsa AAAAB3NzaC1yc2EAAAADAQABAAABAQCXd+DHpTd1ODuFEF4AsDOBz2SiuJdCoEoHX1PNb07qBoGZAIC1fr06zuVUTi1ibnHd0AzRdurB5VJBxQLDAi2SekxnlEPf4sOAcl1/Foe24Ra54McnfhsJJFgmAvVCK+pXXkPVszJIFs3dIuaXQcjnILDdUpF/615b/SwUHy31KAPxOgqYRuGWFo28WaL0HqOmGplB9zL0jEn9p1K4s2lNQOI+us4G6R1Qm0lQCmYUOzm4wtL14WUOPL+fnJnYr7lpmDOHp0GHwaR75asiw/I5E3f+y0yz93WV92u1ivR1m/8Bs/+/RKpht/T+X+Fdq46zw2a4WvA0D5uDNRVojrfJ root@ubuntu-bionic
-----END SSH HOST KEY KEYS-----
[   25.412524] cloud-init[1936]: Cloud-init v. 19.2-24-ge7881d5c-0ubuntu1~18.04.1 running 'modules:final' at Wed, 30 Oct 2019 17:27:53 +0000. Up 25.24 seconds.
[   25.412882] cloud-init[1936]: ci-info: no authorized ssh keys fingerprints found for user ubuntu.
[   25.413208] cloud-init[1936]: Cloud-init v. 19.2-24-ge7881d5c-0ubuntu1~18.04.1 finished at Wed, 30 Oct 2019 17:27:53 +0000. Datasource DataSourceNoCloud [seed=/dev/sdb][dsmode=net].  Up 25.40 seconds
